
> writiai@1.1.0 build
> next build

  Ôû▓ Next.js 14.2.35
  - Environments: .env.local

   Creating an optimized production build ...
node.exe : Failed to 
compile.
En línea: 1 Carácter: 1
+ & "C:\Program 
Files\nodejs/node.exe" 
"C:\Program 
Files\nodejs/node_mo ...
+ ~~~~~~~~~~~~~~~~~~~~~~~
~~~~~~~~~~~~~~~~~~~~~~~~~
~~~~~~~~~~~~~~~~~~~~~
    + CategoryInfo       
       : NotSpecified:   
  (Failed to compile.:   
 String) [], RemoteEx    
ception
    + FullyQualifiedErro 
   rId : NativeCommandE  
  rror
 

./app/dashboard/credits/p
age.js
Error: 
  [31mx[0m You're 
importing a component 
that needs useEffect. It 
only works in a Client 
Component but none of 
its parents are marked 
with "use client", so 
they're Server 
Components by default.
  [31m|[0m Learn more: 
https://nextjs.org/docs/g
etting-started/react-esse
ntials
  [31m|[0m 
  [31m|[0m 
   ,-[[36;1;4mC:\Users\s
tive\WRITIAI\app\dashboar
d\credits\page.js[0m:1:1
]
 [2m1[0m | import { 
useEffect } from 'react';
   : [31;1m         
^^^^^^^^^[0m
 [2m2[0m | import { 
useRouter } from 
'next/navigation';
 [2m3[0m | 
 [2m3[0m | export 
default function 
CreditsPage() {
   `----

  [31mx[0m You're 
importing a component 
that needs useRouter. It 
only works in a Client 
Component but none of 
its parents are marked 
with "use client", so 
they're Server 
Components by default.
  [31m|[0m Learn more: 
https://nextjs.org/docs/g
etting-started/react-esse
ntials
  [31m|[0m 
  [31m|[0m 
   ,-[[36;1;4mC:\Users\s
tive\WRITIAI\app\dashboar
d\credits\page.js[0m:1:1
]
 [2m1[0m | import { 
useEffect } from 'react';
 [2m2[0m | import { 
useRouter } from 
'next/navigation';
   : [31;1m         
^^^^^^^^^[0m
 [2m3[0m | 
 [2m4[0m | export 
default function 
CreditsPage() {
 [2m4[0m |     const 
router = useRouter();
   `----

Import trace for 
requested module:
./app/dashboard/credits/p
age.js

./node_modules\next\dist\
compiled\client-only\erro
r.js
'client-only' cannot be 
imported from a Server 
Component module. It 
should only be used from 
a Client Component.

Import trace for 
requested module:
  ./node_modules\next\dis
t\compiled\client-only\er
ror.js
  ./node_modules\styled-j
sx\dist\index\index.js
  ./node_modules\styled-j
sx\style.js
  ./app\dashboard\estrate
gia\page.js


> Build failed because 
of webpack errors
