Test con Sonnet - Key: sk-ant-api03-cw...
--- STATUS ---
404
--- RESPUESTA ---
{
  "type": "error",
  "error": {
    "type": "not_found_error",
    "message": "model: claude-3-5-sonnet-20241022"
  },
  "request_id": "req_011CYexmpjFMEGEbfxE7fZ2p"
}
